Traceback (most recent call last):
  File "/home/local/RL-INSTITUT/tabea.katerbau/miniconda2/lib/python2.7/site-packages/spyder/app/mainwindow.py", line 3718, in main
    mainwindow = run_spyder(app, options, args)
  File "/home/local/RL-INSTITUT/tabea.katerbau/miniconda2/lib/python2.7/site-packages/spyder/app/mainwindow.py", line 3557, in run_spyder
    main = MainWindow(options)
  File "/home/local/RL-INSTITUT/tabea.katerbau/miniconda2/lib/python2.7/site-packages/spyder/app/mainwindow.py", line 426, in __init__
    from spyder.preferences.runconfig import RunConfigPage
  File "/home/local/RL-INSTITUT/tabea.katerbau/miniconda2/lib/python2.7/site-packages/spyder/preferences/runconfig.py", line 482, in <module>
    class RunConfigPage(GeneralConfigPage):
  File "/home/local/RL-INSTITUT/tabea.katerbau/miniconda2/lib/python2.7/site-packages/spyder/preferences/runconfig.py", line 487, in RunConfigPage
    ICON = ima.icon('run')
  File "/home/local/RL-INSTITUT/tabea.katerbau/miniconda2/lib/python2.7/site-packages/spyder/utils/icon_manager.py", line 394, in icon
    directory=_resource['directory'])
  File "/home/local/RL-INSTITUT/tabea.katerbau/miniconda2/lib/python2.7/site-packages/qtawesome/__init__.py", line 178, in load_font
    return _instance().load_font(prefix, ttf_filename, charmap_filename, directory)
  File "/home/local/RL-INSTITUT/tabea.katerbau/miniconda2/lib/python2.7/site-packages/qtawesome/__init__.py", line 54, in _instance
    'materialdesignicons-webfont-charmap.json')
  File "/home/local/RL-INSTITUT/tabea.katerbau/miniconda2/lib/python2.7/site-packages/qtawesome/iconic_font.py", line 206, in __init__
    super().__init__()
TypeError: super() takes at least 1 argument (0 given)
